
namespace FurlStrong.Sample {

<< Generated Code Goes Here >>

}
