
namespace FurlSharp.Sample {

<< Generated Code Goes Here >>

}
